
"C:/lscc/radiant/2026.1/tcltk/windows/bin/tclsh" "lab1_impl_1_synthesize.tcl"

cpe -syn lse -f lab1_impl_1.cprj -a iCE40UP -o lab1_impl_1_cpe.ldc
CPE: Constraint Propagation Engine: starting
INFO <35831038> - Setting top as top module.
Analyzing VHDL file C:/lscc/radiant/2026.1/ispfpga\vhdl_packages\standard.vhd. VHDL-1481
Analyzing VHDL file C:/lscc/radiant/2026.1/ispfpga\vhdl_packages\standard.vhd

INFO <35921014> - C:/lscc/radiant/2026.1/ispfpga\vhdl_packages\standard.vhd(9): analyzing package standard. VHDL-1014
Analyzing VHDL file C:/lscc/radiant/2026.1/ispfpga\vhdl_packages\std_1164.vhd. VHDL-1481
Analyzing VHDL file C:/lscc/radiant/2026.1/ispfpga\vhdl_packages\std_1164.vhd

INFO <35921014> - C:/lscc/radiant/2026.1/ispfpga\vhdl_packages\std_1164.vhd(15): analyzing package std_logic_1164. VHDL-1014
INFO <35921013> - C:/lscc/radiant/2026.1/ispfpga\vhdl_packages\std_1164.vhd(178): analyzing package body std_logic_1164. VHDL-1013
Analyzing VHDL file C:/lscc/radiant/2026.1/ispfpga\vhdl_packages\mgc_qsim.vhd. VHDL-1481
Analyzing VHDL file C:/lscc/radiant/2026.1/ispfpga\vhdl_packages\mgc_qsim.vhd

INFO <35921014> - C:/lscc/radiant/2026.1/ispfpga\vhdl_packages\mgc_qsim.vhd(18): analyzing package qsim_logic. VHDL-1014
INFO <35921013> - C:/lscc/radiant/2026.1/ispfpga\vhdl_packages\mgc_qsim.vhd(753): analyzing package body qsim_logic. VHDL-1013
Analyzing VHDL file C:/lscc/radiant/2026.1/ispfpga\vhdl_packages\numeric_bit.vhd. VHDL-1481
Analyzing VHDL file C:/lscc/radiant/2026.1/ispfpga\vhdl_packages\numeric_bit.vhd

INFO <35921014> - C:/lscc/radiant/2026.1/ispfpga\vhdl_packages\numeric_bit.vhd(54): analyzing package numeric_bit. VHDL-1014
INFO <35921013> - C:/lscc/radiant/2026.1/ispfpga\vhdl_packages\numeric_bit.vhd(834): analyzing package body numeric_bit. VHDL-1013
Analyzing VHDL file C:/lscc/radiant/2026.1/ispfpga\vhdl_packages\numeric_std.vhd. VHDL-1481
Analyzing VHDL file C:/lscc/radiant/2026.1/ispfpga\vhdl_packages\numeric_std.vhd

INFO <35921014> - C:/lscc/radiant/2026.1/ispfpga\vhdl_packages\numeric_std.vhd(57): analyzing package numeric_std. VHDL-1014
INFO <35921013> - C:/lscc/radiant/2026.1/ispfpga\vhdl_packages\numeric_std.vhd(874): analyzing package body numeric_std. VHDL-1013
Analyzing VHDL file C:/lscc/radiant/2026.1/ispfpga\vhdl_packages\textio.vhd. VHDL-1481
Analyzing VHDL file C:/lscc/radiant/2026.1/ispfpga\vhdl_packages\textio.vhd

INFO <35921014> - C:/lscc/radiant/2026.1/ispfpga\vhdl_packages\textio.vhd(13): analyzing package textio. VHDL-1014
INFO <35921013> - C:/lscc/radiant/2026.1/ispfpga\vhdl_packages\textio.vhd(114): analyzing package body textio. VHDL-1013
Analyzing VHDL file C:/lscc/radiant/2026.1/ispfpga\vhdl_packages\std_logic_textio.vhd. VHDL-1481
Analyzing VHDL file C:/lscc/radiant/2026.1/ispfpga\vhdl_packages\std_logic_textio.vhd

INFO <35921014> - C:/lscc/radiant/2026.1/ispfpga\vhdl_packages\std_logic_textio.vhd(26): analyzing package std_logic_textio. VHDL-1014
INFO <35921013> - C:/lscc/radiant/2026.1/ispfpga\vhdl_packages\std_logic_textio.vhd(72): analyzing package body std_logic_textio. VHDL-1013
Analyzing VHDL file C:/lscc/radiant/2026.1/ispfpga\vhdl_packages\syn_misc.vhd. VHDL-1481
Analyzing VHDL file C:/lscc/radiant/2026.1/ispfpga\vhdl_packages\syn_misc.vhd

INFO <35921014> - C:/lscc/radiant/2026.1/ispfpga\vhdl_packages\syn_misc.vhd(30): analyzing package std_logic_misc. VHDL-1014
INFO <35921013> - C:/lscc/radiant/2026.1/ispfpga\vhdl_packages\syn_misc.vhd(182): analyzing package body std_logic_misc. VHDL-1013
Analyzing VHDL file C:/lscc/radiant/2026.1/ispfpga\vhdl_packages\math_real.vhd. VHDL-1481
INFO <35921014> - C:/lscc/radiant/2026.1/ispfpga\vhdl_packages\math_real.vhd(56): analyzing package math_real. VHDL-1014
INFO <35921013> - C:/lscc/radiant/2026.1/ispfpga\vhdl_packages\math_real.vhd(685): analyzing package body math_real. VHDL-1013
Analyzing VHDL file C:/lscc/radiant/2026.1/ispfpga\vhdl_packages\mixed_lang_vltype.vhd. VHDL-1481
Analyzing VHDL file C:/lscc/radiant/2026.1/ispfpga\vhdl_packages\mixed_lang_vltype.vhd

INFO <35921014> - C:/lscc/radiant/2026.1/ispfpga\vhdl_packages\mixed_lang_vltype.vhd(9): analyzing package vl_types. VHDL-1014
INFO <35921013> - C:/lscc/radiant/2026.1/ispfpga\vhdl_packages\mixed_lang_vltype.vhd(88): analyzing package body vl_types. VHDL-1013
Analyzing VHDL file C:/lscc/radiant/2026.1/ispfpga\vhdl_packages\syn_arit.vhd. VHDL-1481
Analyzing VHDL file C:/lscc/radiant/2026.1/ispfpga\vhdl_packages\syn_arit.vhd

INFO <35921014> - C:/lscc/radiant/2026.1/ispfpga\vhdl_packages\syn_arit.vhd(25): analyzing package std_logic_arith. VHDL-1014
INFO <35921013> - C:/lscc/radiant/2026.1/ispfpga\vhdl_packages\syn_arit.vhd(206): analyzing package body std_logic_arith. VHDL-1013
Analyzing VHDL file C:/lscc/radiant/2026.1/ispfpga\vhdl_packages\syn_attr.vhd. VHDL-1481
Analyzing VHDL file C:/lscc/radiant/2026.1/ispfpga\vhdl_packages\syn_attr.vhd

INFO <35921014> - C:/lscc/radiant/2026.1/ispfpga\vhdl_packages\syn_attr.vhd(39): analyzing package attributes. VHDL-1014
Analyzing VHDL file C:/lscc/radiant/2026.1/ispfpga\vhdl_packages\syn_sign.vhd. VHDL-1481
Analyzing VHDL file C:/lscc/radiant/2026.1/ispfpga\vhdl_packages\syn_sign.vhd

INFO <35921014> - C:/lscc/radiant/2026.1/ispfpga\vhdl_packages\syn_sign.vhd(35): analyzing package std_logic_signed. VHDL-1014
INFO <35921013> - C:/lscc/radiant/2026.1/ispfpga\vhdl_packages\syn_sign.vhd(96): analyzing package body std_logic_signed. VHDL-1013
Analyzing VHDL file C:/lscc/radiant/2026.1/ispfpga\vhdl_packages\syn_unsi.vhd. VHDL-1481
Analyzing VHDL file C:/lscc/radiant/2026.1/ispfpga\vhdl_packages\syn_unsi.vhd

INFO <35921014> - C:/lscc/radiant/2026.1/ispfpga\vhdl_packages\syn_unsi.vhd(35): analyzing package std_logic_unsigned. VHDL-1014
INFO <35921013> - C:/lscc/radiant/2026.1/ispfpga\vhdl_packages\syn_unsi.vhd(94): analyzing package body std_logic_unsigned. VHDL-1013
Analyzing VHDL file C:/lscc/radiant/2026.1/ispfpga\vhdl_packages\synattr.vhd. VHDL-1481
Analyzing VHDL file C:/lscc/radiant/2026.1/ispfpga\vhdl_packages\synattr.vhd

INFO <35921014> - C:/lscc/radiant/2026.1/ispfpga\vhdl_packages\synattr.vhd(50): analyzing package attributes. VHDL-1014
Analyzing VHDL file C:/lscc/radiant/2026.1/ispfpga\..\cae_library\synthesis\vhdl\iCE40UP.vhd. VHDL-1481
Analyzing VHDL file C:/lscc/radiant/2026.1/ispfpga\..\cae_library\synthesis\vhdl\iCE40UP.vhd

Analyzing Verilog file C:/lscc/radiant/2026.1/ispfpga\..\cae_library\synthesis\verilog\iCE40UP.v. VERI-1482
Analyzing Verilog file C:/lscc/radiant/2026.1/ip/pmi/pmi_iCE40UP.v. VERI-1482
INFO <35901328> - C:/lscc/radiant/2026.1/ip/pmi/pmi_iCE40UP.v(1): analyzing included file C:/lscc/radiant/2026.1/ip/pmi/pmi_addsub.v. VERI-1328
INFO <35901328> - C:/lscc/radiant/2026.1/ip/pmi/pmi_addsub.v(40): analyzing included file C:/lscc/radiant/2026.1/ip/pmi/../common/adder_subtractor/rtl/lscc_add_sub.v. VERI-1328
INFO <35901328> - C:/lscc/radiant/2026.1/ip/pmi/pmi_iCE40UP.v(2): analyzing included file C:/lscc/radiant/2026.1/ip/pmi/pmi_add.v. VERI-1328
INFO <35901328> - C:/lscc/radiant/2026.1/ip/pmi/pmi_add.v(50): analyzing included file C:/lscc/radiant/2026.1/ip/pmi/../common/adder/rtl/lscc_adder.v. VERI-1328
INFO <35901328> - C:/lscc/radiant/2026.1/ip/pmi/pmi_iCE40UP.v(3): analyzing included file C:/lscc/radiant/2026.1/ip/pmi/pmi_complex_mult.v. VERI-1328
INFO <35901328> - C:/lscc/radiant/2026.1/ip/pmi/pmi_complex_mult.v(52): analyzing included file C:/lscc/radiant/2026.1/ip/pmi/../common/complex_mult/rtl/lscc_complex_mult.v. VERI-1328
INFO <35901328> - C:/lscc/radiant/2026.1/ip/pmi/pmi_iCE40UP.v(4): analyzing included file C:/lscc/radiant/2026.1/ip/pmi/pmi_counter.v. VERI-1328
INFO <35901328> - C:/lscc/radiant/2026.1/ip/pmi/pmi_counter.v(39): analyzing included file C:/lscc/radiant/2026.1/ip/pmi/../common/counter/rtl/lscc_cntr.v. VERI-1328
INFO <35901328> - C:/lscc/radiant/2026.1/ip/pmi/pmi_iCE40UP.v(5): analyzing included file C:/lscc/radiant/2026.1/ip/pmi/pmi_fifo.v. VERI-1328
INFO <35901328> - C:/lscc/radiant/2026.1/ip/pmi/pmi_fifo.v(44): analyzing included file C:/lscc/radiant/2026.1/ip/pmi/../common/fifo/rtl/lscc_fifo.v. VERI-1328
INFO <35901328> - C:/lscc/radiant/2026.1/ip/pmi/pmi_iCE40UP.v(6): analyzing included file C:/lscc/radiant/2026.1/ip/pmi/pmi_fifo_dc.v. VERI-1328
INFO <35901328> - C:/lscc/radiant/2026.1/ip/pmi/pmi_fifo_dc.v(47): analyzing included file C:/lscc/radiant/2026.1/ip/pmi/../common/fifo_dc/rtl/lscc_fifo_dc.v. VERI-1328
INFO <35901328> - C:/lscc/radiant/2026.1/ip/pmi/pmi_fifo_dc.v(48): analyzing included file C:/lscc/radiant/2026.1/ip/pmi/../LFMXO4/fifo_dc/rtl/lscc_lfmxo4_fifo_dc.v. VERI-1328
INFO <35901328> - C:/lscc/radiant/2026.1/ip/pmi/../LFMXO4/fifo_dc/rtl/lscc_lfmxo4_fifo_dc.v(128): analyzing included file C:/lscc/radiant/2026.1/ip/pmi/../LFMXO4/fifo_dc/rtl/lscc_lfmxo4_fifo_dc_distributed_ram.v. VERI-1328
INFO <35901328> - C:/lscc/radiant/2026.1/ip/pmi/../LFMXO4/fifo_dc/rtl/lscc_lfmxo4_fifo_dc.v(129): analyzing included file C:/lscc/radiant/2026.1/ip/pmi/../LFMXO4/fifo_dc/rtl/lscc_lfmxo4_fifo_dc_ecc.v. VERI-1328
INFO <35901328> - C:/lscc/radiant/2026.1/ip/pmi/../LFMXO4/fifo_dc/rtl/lscc_lfmxo4_fifo_dc.v(130): analyzing included file C:/lscc/radiant/2026.1/ip/pmi/../LFMXO4/fifo_dc/rtl/lscc_lfmxo4_fifo_dc_flag_and_cnts_logic.v. VERI-1328
INFO <35901328> - C:/lscc/radiant/2026.1/ip/pmi/../LFMXO4/fifo_dc/rtl/lscc_lfmxo4_fifo_dc.v(131): analyzing included file C:/lscc/radiant/2026.1/ip/pmi/../LFMXO4/fifo_dc/rtl/lscc_lfmxo4_fifo_dc_gray_reg.v. VERI-1328
INFO <35901328> - C:/lscc/radiant/2026.1/ip/pmi/../LFMXO4/fifo_dc/rtl/lscc_lfmxo4_fifo_dc.v(132): analyzing included file C:/lscc/radiant/2026.1/ip/pmi/../LFMXO4/fifo_dc/rtl/lscc_lfmxo4_fifo_dc_gray_synchronizer.v. VERI-1328
INFO <35901328> - C:/lscc/radiant/2026.1/ip/pmi/../LFMXO4/fifo_dc/rtl/lscc_lfmxo4_fifo_dc.v(133): analyzing included file C:/lscc/radiant/2026.1/ip/pmi/../LFMXO4/fifo_dc/rtl/lscc_lfmxo4_fifo_dc_harden_prim.v. VERI-1328
INFO <35901328> - C:/lscc/radiant/2026.1/ip/pmi/../LFMXO4/fifo_dc/rtl/lscc_lfmxo4_fifo_dc.v(134): analyzing included file C:/lscc/radiant/2026.1/ip/pmi/../LFMXO4/fifo_dc/rtl/lscc_lfmxo4_fifo_dc_harden_rd_ctrl_logic.v. VERI-1328
INFO <35901328> - C:/lscc/radiant/2026.1/ip/pmi/../LFMXO4/fifo_dc/rtl/lscc_lfmxo4_fifo_dc.v(135): analyzing included file C:/lscc/radiant/2026.1/ip/pmi/../LFMXO4/fifo_dc/rtl/lscc_lfmxo4_fifo_dc_harden_rd_output_logic.v. VERI-1328
INFO <35901328> - C:/lscc/radiant/2026.1/ip/pmi/../LFMXO4/fifo_dc/rtl/lscc_lfmxo4_fifo_dc.v(136): analyzing included file C:/lscc/radiant/2026.1/ip/pmi/../LFMXO4/fifo_dc/rtl/lscc_lfmxo4_fifo_dc_harden_ring_counter.v. VERI-1328
INFO <35901328> - C:/lscc/radiant/2026.1/ip/pmi/../LFMXO4/fifo_dc/rtl/lscc_lfmxo4_fifo_dc.v(137): analyzing included file C:/lscc/radiant/2026.1/ip/pmi/../LFMXO4/fifo_dc/rtl/lscc_lfmxo4_fifo_dc_harden_wr_ctrl_logic.v. VERI-1328
INFO <35901328> - C:/lscc/radiant/2026.1/ip/pmi/../LFMXO4/fifo_dc/rtl/lscc_lfmxo4_fifo_dc.v(138): analyzing included file C:/lscc/radiant/2026.1/ip/pmi/../LFMXO4/fifo_dc/rtl/lscc_lfmxo4_fifo_dc_harden.v. VERI-1328
INFO <35901328> - C:/lscc/radiant/2026.1/ip/pmi/../LFMXO4/fifo_dc/rtl/lscc_lfmxo4_fifo_dc.v(139): analyzing included file C:/lscc/radiant/2026.1/ip/pmi/../LFMXO4/fifo_dc/rtl/lscc_lfmxo4_fifo_dc_prim_gen.v. VERI-1328
INFO <35901328> - C:/lscc/radiant/2026.1/ip/pmi/../LFMXO4/fifo_dc/rtl/lscc_lfmxo4_fifo_dc.v(140): analyzing included file C:/lscc/radiant/2026.1/ip/pmi/../LFMXO4/fifo_dc/rtl/lscc_lfmxo4_fifo_dc_rd_ctrl_logic.v. VERI-1328
INFO <35901328> - C:/lscc/radiant/2026.1/ip/pmi/../LFMXO4/fifo_dc/rtl/lscc_lfmxo4_fifo_dc.v(141): analyzing included file C:/lscc/radiant/2026.1/ip/pmi/../LFMXO4/fifo_dc/rtl/lscc_lfmxo4_fifo_dc_wr_ctrl_logic.v. VERI-1328
INFO <35901328> - C:/lscc/radiant/2026.1/ip/pmi/pmi_iCE40UP.v(7): analyzing included file C:/lscc/radiant/2026.1/ip/pmi/pmi_mac.v. VERI-1328
INFO <35901328> - C:/lscc/radiant/2026.1/ip/pmi/pmi_mac.v(52): analyzing included file C:/lscc/radiant/2026.1/ip/pmi/../common/mult_accumulate/rtl/lscc_mult_accumulate.v. VERI-1328
INFO <35901328> - C:/lscc/radiant/2026.1/ip/pmi/pmi_iCE40UP.v(8): analyzing included file C:/lscc/radiant/2026.1/ip/pmi/pmi_multaddsubsum.v. VERI-1328
INFO <35901328> - C:/lscc/radiant/2026.1/ip/pmi/pmi_multaddsubsum.v(53): analyzing included file C:/lscc/radiant/2026.1/ip/pmi/../common/mult_add_sub_sum/rtl/lscc_mult_add_sub_sum.v. VERI-1328
INFO <35901328> - C:/lscc/radiant/2026.1/ip/pmi/pmi_iCE40UP.v(9): analyzing included file C:/lscc/radiant/2026.1/ip/pmi/pmi_multaddsub.v. VERI-1328
INFO <35901328> - C:/lscc/radiant/2026.1/ip/pmi/pmi_multaddsub.v(52): analyzing included file C:/lscc/radiant/2026.1/ip/pmi/../common/mult_add_sub/rtl/lscc_mult_add_sub.v. VERI-1328
INFO <35901328> - C:/lscc/radiant/2026.1/ip/pmi/pmi_iCE40UP.v(10): analyzing included file C:/lscc/radiant/2026.1/ip/pmi/pmi_mult.v. VERI-1328
INFO <35901328> - C:/lscc/radiant/2026.1/ip/pmi/pmi_mult.v(51): analyzing included file C:/lscc/radiant/2026.1/ip/pmi/../common/multiplier/rtl/lscc_multiplier.v. VERI-1328
INFO <35901328> - C:/lscc/radiant/2026.1/ip/pmi/pmi_iCE40UP.v(11): analyzing included file C:/lscc/radiant/2026.1/ip/pmi/pmi_ram_dp.v. VERI-1328
INFO <35901328> - C:/lscc/radiant/2026.1/ip/pmi/pmi_ram_dp.v(48): analyzing included file C:/lscc/radiant/2026.1/ip/pmi/../common/ram_dp/rtl/lscc_ram_dp.v. VERI-1328
INFO <35901328> - C:/lscc/radiant/2026.1/ip/pmi/pmi_ram_dp.v(49): analyzing included file C:/lscc/radiant/2026.1/ip/pmi/../LFMXO4/ram_dp/rtl/lscc_lfmxo4_ram_dp.v. VERI-1328
INFO <35901328> - C:/lscc/radiant/2026.1/ip/pmi/../LFMXO4/ram_dp/rtl/lscc_lfmxo4_ram_dp.v(438): analyzing included file C:/lscc/radiant/2026.1/ip/pmi/../LFMXO4/ram_dp/rtl/lscc_lfmxo4_ram_dp_impl.v. VERI-1328
INFO <35901328> - C:/lscc/radiant/2026.1/ip/pmi/../LFMXO4/ram_dp/rtl/lscc_lfmxo4_ram_dp_impl.v(64): analyzing included file C:/lscc/radiant/2026.1/ip/pmi/../LFMXO4/ram_dp/rtl/lscc_lfmxo4_ram_dp_behavioral.v. VERI-1328
INFO <35901328> - C:/lscc/radiant/2026.1/ip/pmi/../LFMXO4/ram_dp/rtl/lscc_lfmxo4_ram_dp_impl.v(66): analyzing included file C:/lscc/radiant/2026.1/ip/pmi/../LFMXO4/ram_dp/rtl/lscc_lfmxo4_ram_dp_lut_decode.v. VERI-1328
INFO <35901328> - C:/lscc/radiant/2026.1/ip/pmi/../LFMXO4/ram_dp/rtl/lscc_lfmxo4_ram_dp_impl.v(478): analyzing included file C:/lscc/radiant/2026.1/ip/pmi/../LFMXO4/ram_dp/rtl/lscc_lfmxo4_ram_dp_functions.vh. VERI-1328
INFO <35901328> - C:/lscc/radiant/2026.1/ip/pmi/../LFMXO4/ram_dp/rtl/lscc_lfmxo4_ram_dp_impl.v(609): analyzing included file C:/lscc/radiant/2026.1/ip/pmi/../LFMXO4/ram_dp/rtl/lscc_lfmxo4_ram_dp_functions.vh. VERI-1328
INFO <35901328> - C:/lscc/radiant/2026.1/ip/pmi/../LFMXO4/ram_dp/rtl/lscc_lfmxo4_ram_dp_impl.v(1511): analyzing included file C:/lscc/radiant/2026.1/ip/pmi/../LFMXO4/ram_dp/rtl/lscc_lfmxo4_ram_dp_functions.vh. VERI-1328
INFO <35901328> - C:/lscc/radiant/2026.1/ip/pmi/../LFMXO4/ram_dp/rtl/lscc_lfmxo4_ram_dp_impl.v(2456): analyzing included file C:/lscc/radiant/2026.1/ip/pmi/../LFMXO4/ram_dp/rtl/lscc_lfmxo4_ram_dp_functions.vh. VERI-1328
INFO <35901328> - C:/lscc/radiant/2026.1/ip/pmi/../LFMXO4/ram_dp/rtl/lscc_lfmxo4_ram_dp_impl.v(4673): analyzing included file C:/lscc/radiant/2026.1/ip/pmi/../LFMXO4/ram_dp/rtl/lscc_lfmxo4_ram_dp_functions.vh. VERI-1328
INFO <35901328> - C:/lscc/radiant/2026.1/ip/pmi/pmi_iCE40UP.v(12): analyzing included file C:/lscc/radiant/2026.1/ip/pmi/pmi_ram_dq.v. VERI-1328
INFO <35901328> - C:/lscc/radiant/2026.1/ip/pmi/pmi_ram_dq.v(45): analyzing included file C:/lscc/radiant/2026.1/ip/pmi/../common/ram_dq/rtl/lscc_ram_dq.v. VERI-1328
INFO <35901328> - C:/lscc/radiant/2026.1/ip/pmi/pmi_ram_dq.v(46): analyzing included file C:/lscc/radiant/2026.1/ip/pmi/../LFMXO4/ram_dq/rtl/lscc_lfmxo4_ram_dq.v. VERI-1328
INFO <35901328> - C:/lscc/radiant/2026.1/ip/pmi/../LFMXO4/ram_dq/rtl/lscc_lfmxo4_ram_dq.v(2839): analyzing included file C:/lscc/radiant/2026.1/ip/pmi/../LFMXO4/ram_dq/rtl/hsiao_ecc_encoder.v. VERI-1328
INFO <35901328> - C:/lscc/radiant/2026.1/ip/pmi/../LFMXO4/ram_dq/rtl/lscc_lfmxo4_ram_dq.v(2840): analyzing included file C:/lscc/radiant/2026.1/ip/pmi/../LFMXO4/ram_dq/rtl/hsiao_ecc_decoder.v. VERI-1328
INFO <35901328> - C:/lscc/radiant/2026.1/ip/pmi/../LFMXO4/ram_dq/rtl/lscc_lfmxo4_ram_dq.v(2841): analyzing included file C:/lscc/radiant/2026.1/ip/pmi/../LFMXO4/ram_dq/rtl/lscc_lfmxo4_ram_dq_lut_decode.v. VERI-1328
INFO <35901328> - C:/lscc/radiant/2026.1/ip/pmi/pmi_iCE40UP.v(13): analyzing included file C:/lscc/radiant/2026.1/ip/pmi/pmi_rom.v. VERI-1328
INFO <35901328> - C:/lscc/radiant/2026.1/ip/pmi/pmi_rom.v(45): analyzing included file C:/lscc/radiant/2026.1/ip/pmi/../common/rom/rtl/lscc_rom.v. VERI-1328
INFO <35901328> - C:/lscc/radiant/2026.1/ip/pmi/pmi_iCE40UP.v(14): analyzing included file C:/lscc/radiant/2026.1/ip/pmi/pmi_sub.v. VERI-1328
INFO <35901328> - C:/lscc/radiant/2026.1/ip/pmi/pmi_sub.v(50): analyzing included file C:/lscc/radiant/2026.1/ip/pmi/../common/subtractor/rtl/lscc_subtractor.v. VERI-1328
INFO <35901328> - C:/lscc/radiant/2026.1/ip/pmi/pmi_iCE40UP.v(15): analyzing included file C:/lscc/radiant/2026.1/ip/pmi/pmi_ram_dp_be.v. VERI-1328
INFO <35901328> - C:/lscc/radiant/2026.1/ip/pmi/pmi_ram_dp_be.v(49): analyzing included file C:/lscc/radiant/2026.1/ip/pmi/../common/ram_dp/rtl/lscc_ram_dp.v. VERI-1328
INFO <35901328> - C:/lscc/radiant/2026.1/ip/pmi/pmi_ram_dp_be.v(50): analyzing included file C:/lscc/radiant/2026.1/ip/pmi/../LFMXO4/ram_dp/rtl/lscc_lfmxo4_ram_dp.v. VERI-1328
INFO <35901328> - C:/lscc/radiant/2026.1/ip/pmi/../LFMXO4/ram_dp/rtl/lscc_lfmxo4_ram_dp.v(438): analyzing included file C:/lscc/radiant/2026.1/ip/pmi/../LFMXO4/ram_dp/rtl/lscc_lfmxo4_ram_dp_impl.v. VERI-1328
INFO <35901328> - C:/lscc/radiant/2026.1/ip/pmi/pmi_iCE40UP.v(16): analyzing included file C:/lscc/radiant/2026.1/ip/pmi/pmi_ram_dq_be.v. VERI-1328
INFO <35901328> - C:/lscc/radiant/2026.1/ip/pmi/pmi_ram_dq_be.v(45): analyzing included file C:/lscc/radiant/2026.1/ip/pmi/../common/ram_dq/rtl/lscc_ram_dq.v. VERI-1328
INFO <35901328> - C:/lscc/radiant/2026.1/ip/pmi/pmi_ram_dq_be.v(46): analyzing included file C:/lscc/radiant/2026.1/ip/pmi/../LFMXO4/ram_dq/rtl/lscc_lfmxo4_ram_dq.v. VERI-1328
INFO <35901328> - C:/lscc/radiant/2026.1/ip/pmi/../LFMXO4/ram_dq/rtl/lscc_lfmxo4_ram_dq.v(2839): analyzing included file C:/lscc/radiant/2026.1/ip/pmi/../LFMXO4/ram_dq/rtl/hsiao_ecc_encoder.v. VERI-1328
INFO <35901328> - C:/lscc/radiant/2026.1/ip/pmi/../LFMXO4/ram_dq/rtl/lscc_lfmxo4_ram_dq.v(2840): analyzing included file C:/lscc/radiant/2026.1/ip/pmi/../LFMXO4/ram_dq/rtl/hsiao_ecc_decoder.v. VERI-1328
INFO <35901328> - C:/lscc/radiant/2026.1/ip/pmi/../LFMXO4/ram_dq/rtl/lscc_lfmxo4_ram_dq.v(2841): analyzing included file C:/lscc/radiant/2026.1/ip/pmi/../LFMXO4/ram_dq/rtl/lscc_lfmxo4_ram_dq_lut_decode.v. VERI-1328
INFO <35901328> - C:/lscc/radiant/2026.1/ip/pmi/pmi_iCE40UP.v(17): analyzing included file C:/lscc/radiant/2026.1/ip/pmi/pmi_dsp.v. VERI-1328
Analyzing Verilog file C:/Users/anirgupta/Desktop/e155-lab1/e155-lab1/lab1/lab1_7segment.sv. VERI-1482
Analyzing Verilog file C:/Users/anirgupta/Desktop/e155-lab1/e155-lab1/lab1/lab1_blinker.sv. VERI-1482
Analyzing Verilog file C:/Users/anirgupta/Desktop/e155-lab1/e155-lab1/lab1/lab1_top.sv. VERI-1482
Analyzing VHDL file C:/lscc/radiant/2026.1/ip/pmi/pmi_iCE40UP.vhd. VHDL-1481
Analyzing VHDL file C:/lscc/radiant/2026.1/ip/pmi/pmi_iCE40UP.vhd

INFO <35921014> - C:/lscc/radiant/2026.1/ip/pmi/pmi_iCE40UP.vhd(4): analyzing package components. VHDL-1014
Top module name (Verilog): top
INFO <35901018> - C:/Users/anirgupta/Desktop/e155-lab1/e155-lab1/lab1/lab1_top.sv(7): compiling module top. VERI-1018
INFO <35901018> - C:/lscc/radiant/2026.1/ispfpga\..\cae_library\synthesis\verilog\iCE40UP.v(756): compiling module HSOSC(CLKHF_DIV=2&apos;b0). VERI-1018
INFO <35901018> - C:/Users/anirgupta/Desktop/e155-lab1/e155-lab1/lab1/lab1_blinker.sv(6): compiling module blink. VERI-1018
WARNING <35901209> - C:/Users/anirgupta/Desktop/e155-lab1/e155-lab1/lab1/lab1_blinker.sv(28): expression size 32 truncated to fit in target size 25. VERI-1209
INFO <35901018> - C:/Users/anirgupta/Desktop/e155-lab1/e155-lab1/lab1/lab1_7segment.sv(7): compiling module segment. VERI-1018
Source compile complete.
Writing output files.
CPE Completed. lab1_impl_1_cpe.ldc and CPEReport.txt produced.
CPE: Constraint Propagation Engine: completed



synthesis -f C:/Users/anirgupta/Desktop/e155-lab1/e155-lab1/lab1/impl_1/lab1_impl_1_lattice.synproj -logfile lab1_impl_1_lattice.srp
synthesis:  version Radiant Software (64-bit) 2026.1.0.37.0

Copyright (c) 1991-1994 by NeoCAD Inc. All rights reserved.
Copyright (c) 1995 AT&T Corp.   All rights reserved.
Copyright (c) 1995-2001 Lucent Technologies Inc.  All rights reserved.
Copyright (c) 2001 Agere Systems   All rights reserved.
Copyright (c) 2002-2026 Lattice Semiconductor Corporation,  All rights reserved.
Mon Sep  7 21:19:24 2026


Command Line:  C:\lscc\radiant\2026.1\ispfpga\bin\nt64\synthesis.exe -f C:/Users/anirgupta/Desktop/e155-lab1/e155-lab1/lab1/impl_1/lab1_impl_1_lattice.synproj -logfile lab1_impl_1_lattice.srp -gui -msgset C:/Users/anirgupta/Desktop/e155-lab1/e155-lab1/lab1/promote.xml 

Lattice Synthesis Engine launched.

Synthesis options:
The -a option is iCE40UP.
The -t option is SG48.
The -sp option is High-Performance_1.2V.
The -p option is iCE40UP5K.

###################### Device Information ######################
----------------------------------------------------------------
Lattice Family        | iCE40UP
----------------------------------------------------------------
Device                | iCE40UP5K
----------------------------------------------------------------
Package               | SG48
----------------------------------------------------------------
Performance Grade     | High-Performance_1.2V
----------------------------------------------------------------
################################################################

####################### Device Resources #######################
----------------------------------------------------------------
Logic Cells           | 5280
----------------------------------------------------------------
RAM Blocks            | 30
----------------------------------------------------------------
DSP Blocks            | 8
----------------------------------------------------------------
PLLs                  | 1
----------------------------------------------------------------
I/O Pins              | 56
----------------------------------------------------------------
################################################################

Resolving user-selected strategy settings...

INFO <35001797> - Use DCC Insertion disabled by default.

###################### Strategy Settings #######################
----------------------------------------------------------------
Optimization Goal     | Area
----------------------------------------------------------------
Top-level Module Name | top
----------------------------------------------------------------
Target Frequency      | 200.000 MHz
----------------------------------------------------------------
Maximum Fanout        | 1000
----------------------------------------------------------------
Timing Path Count     | 3
----------------------------------------------------------------
RAM Read/Write Check  | False
----------------------------------------------------------------
BRAM Utilization      | 100.0%
----------------------------------------------------------------
DSP Usage             | True
----------------------------------------------------------------
DSP Utilization       | 100.0%
----------------------------------------------------------------
FSM Encoding Style    | Auto
----------------------------------------------------------------
Resolve Mixed Drivers | False
----------------------------------------------------------------
Fix Gated Clocks      | True
----------------------------------------------------------------
Mux Style             | Auto
----------------------------------------------------------------
Use Carry Chain       | True
----------------------------------------------------------------
Carry Chain Length    | Infinite
----------------------------------------------------------------
Loop Limit            | 1950
----------------------------------------------------------------
Use I/O Insertion     | True
----------------------------------------------------------------
Use I/O Registers     | True
----------------------------------------------------------------
Resource Sharing      | True
----------------------------------------------------------------
Propagate Constants   | True
----------------------------------------------------------------
Remove Duplicate Reg  | True
----------------------------------------------------------------
Force GSR             | False
----------------------------------------------------------------
ROM Style             | Auto
----------------------------------------------------------------
RAM Style             | Auto
----------------------------------------------------------------
Remove LOC Properties | False
----------------------------------------------------------------
Partition Flow        | False
----------------------------------------------------------------
Use DCC Insertion     | None
----------------------------------------------------------------
################################################################


The -comp option is FALSE.
The -syn option is FALSE.

Output HDL filename: lab1_impl_1.vm
-sdc option: SDC file input is lab1_impl_1_cpe.ldc.
-path . (searchpath added)
-path .. (searchpath added)
-path ../source/impl_1 (searchpath added)
-path C:/lscc/radiant/2026.1/ispfpga/ice40tp/data (searchpath added)
Mixed language design
Verilog design file: C:/lscc/radiant/2026.1/ip/pmi/pmi_iCE40UP.v
Verilog design file: ../lab1_7segment.sv
Verilog design file: ../lab1_blinker.sv
Verilog design file: ../lab1_top.sv
VHDL library: pmi
VHDL design file: C:/lscc/radiant/2026.1/ip/pmi/pmi_iCE40UP.vhd

Compiling design...

Analyzing Verilog file C:/lscc/radiant/2026.1/ispfpga\..\cae_library\synthesis\verilog\generic.v. VERI-1482
Analyzing Verilog file C:/lscc/radiant/2026.1/ispfpga\..\cae_library\synthesis\verilog\iCE40UP.v. VERI-1482
Analyzing Verilog file C:/lscc/radiant/2026.1/ispfpga\..\cae_library\synthesis\verilog\iCE40UP.v. VERI-1482
Analyzing Verilog file C:/lscc/radiant/2026.1/ispfpga\..\cae_library\simulation\verilog\iCE40UP\iCE40UP_sp.v. VERI-1482
Analyzing Verilog file C:/lscc/radiant/2026.1/ip/pmi/pmi_iCE40UP.v. VERI-1482
Analyzing Verilog file ../lab1_7segment.sv. VERI-1482
Analyzing Verilog file ../lab1_blinker.sv. VERI-1482
Analyzing Verilog file ../lab1_top.sv. VERI-1482
Top module name (Verilog): top
INFO <35901018> - ../lab1_top.sv(7): compiling module top. VERI-1018
INFO <35901018> - C:/lscc/radiant/2026.1/ispfpga\..\cae_library\synthesis\verilog\iCE40UP.v(756): compiling module HSOSC(CLKHF_DIV=2&apos;b0). VERI-1018
INFO <35901018> - ../lab1_blinker.sv(6): compiling module blink. VERI-1018
WARNING <35901209> - ../lab1_blinker.sv(28): expression size 32 truncated to fit in target size 25. VERI-1209
INFO <35901018> - ../lab1_7segment.sv(7): compiling module segment. VERI-1018
[Parameter Setting Section Start]

	[Parameter Settings for Instance(s): hf_osc]
	(Module: HSOSC)
		CLKHF_DIV                 2'b00

	[Parameter Settings for Instance(s): blink]
	(Module: blink)
		WIDTH                     25
		MAXCOUNT                  10000000

[Parameter Setting Section End]



WARNING <35002062> - Port rejected for I/O register mapping: s[3]
WARNING <35002062> - Port rejected for I/O register mapping: s[2]
WARNING <35002062> - Port rejected for I/O register mapping: s[1]
WARNING <35002062> - Port rejected for I/O register mapping: s[0]
WARNING <35002062> - Port rejected for I/O register mapping: reset
WARNING <35002062> - Port rejected for I/O register mapping: led[2]
WARNING <35002062> - Port rejected for I/O register mapping: led[1]
WARNING <35002062> - Port rejected for I/O register mapping: led[0]
WARNING <35002062> - Port rejected for I/O register mapping: seg[6]
WARNING <35002062> - Port rejected for I/O register mapping: seg[5]
WARNING <35002062> - Port rejected for I/O register mapping: seg[4]
WARNING <35002062> - Port rejected for I/O register mapping: seg[3]
WARNING <35002062> - Port rejected for I/O register mapping: seg[2]
WARNING <35002062> - Port rejected for I/O register mapping: seg[1]
WARNING <35002062> - Port rejected for I/O register mapping: seg[0]
WARNING <35002062> - Port rejected for I/O register mapping: int_osc

################### Begin Area Report (top)######################
Number of register bits => 26 of 5280 (0 % )
CCU2 => 13
FD1P3XZ => 26
HSOSC_CORE => 1
IB => 5
LUT4 => 20
OB => 11
################### End Area Report ##################
Number of odd-length carry chains : 1
Number of even-length carry chains : 0

################### Begin Clock Report ######################
Clock Nets
Number of Clocks: 1
  Net : int_osc_c, loads : 1
Clock Enable Nets
Number of Clock Enables: 0
Highest fanout non-clock nets
Top 10 highest fanout non-clock nets:
  Net : blink/n16, loads : 34
  Net : blink/n105[23], loads : 14
  Net : blink/n207, loads : 14
  Net : blink/n105[24], loads : 14
  Net : blink/n205, loads : 13
  Net : blink/n105[21], loads : 13
  Net : blink/n105[22], loads : 13
  Net : blink/n203, loads : 12
  Net : blink/n105[19], loads : 12
  Net : blink/n105[20], loads : 12
################### End Clock Report ##################

################### Begin Constraint Report ######################
Constraint Summary:
  Total number of constraints: 0
  Total number of constraints dropped: 0
###################  End Constraint Report  ######################

Peak Memory Usage: 88 MB

--------------------------------------------------------------
Total CPU Time: 0 secs 
Total REAL Time: 2 secs 
--------------------------------------------------------------
Checksum -- synthesis -- netlist: d2414b52909957c91c3fbed7df694ce734991d93



postsyn -a iCE40UP -p iCE40UP5K -t SG48 -sp High-Performance_1.2V -oc Industrial -top -w -o lab1_impl_1_syn.udb lab1_impl_1.vm -ldc lab1_impl_1.ldc
POSTSYN: Post Synthesis Process Radiant Software (64-bit) 2026.1.0.37.0
Command Line: postsyn -a iCE40UP -p iCE40UP5K -t SG48 -sp High-Performance_1.2V -oc Industrial -top -w -o lab1_impl_1_syn.udb -ldc lab1_impl_1.ldc -gui -msgset C:/Users/anirgupta/Desktop/e155-lab1/e155-lab1/lab1/promote.xml lab1_impl_1.vm 
   Architecture:     iCE40UP
   Device:           iCE40UP5K
   Package:          SG48
   Performance:      High-Performance_1.2V
Reading input file 'lab1_impl_1.vm' ...
CPU Time to convert: 0.046875
REAL Time to convert: 0
convert PEAK Memory Usage: 32 MB
convert CURRENT Memory Usage: 32 MB
Reading constraint file 'lab1_impl_1.ldc' ...
Removing unused logic ...
Starting design annotation....
 
Constraint Summary:
   Total number of constraints: 2
   Total number of constraints dropped: 0
 
Writing output file 'lab1_impl_1_syn.udb'.
POSTSYN finished successfully.
Total CPU Time: 0 secs 
Total REAL Time: 0 secs 
Peak Memory Usage: 42 MB
Checksum -- postsyn: 6fc73c0f6ddb233b293ef46a5d4de06d51d51bfb



pnmainc -log pnmain "lab1_impl_1_map.tcl"
map:  version Radiant Software (64-bit) 2026.1.0.37.0

Copyright (c) 1991-1994 by NeoCAD Inc. All rights reserved.
Copyright (c) 1995 AT&T Corp.   All rights reserved.
Copyright (c) 1995-2001 Lucent Technologies Inc.  All rights reserved.
Copyright (c) 2001 Agere Systems   All rights reserved.
Copyright (c) 2002-2026 Lattice Semiconductor Corporation,  All rights reserved.

Command line:   map -pdc C:/Users/anirgupta/Desktop/e155-lab1/e155-lab1/lab1/pins.pdc -i lab1_impl_1_syn.udb -o lab1_impl_1_map.udb -mp lab1_impl_1.mrp -hierrpt -gui -msgset C:/Users/anirgupta/Desktop/e155-lab1/e155-lab1/lab1/promote.xml 

Loading device for application GENERIC from file 'itpa08.nph' in environment: C:/lscc/radiant/2026.1/ispfpga.
Package Status:                     Preliminary    Version 1.5.



Design:  top
Family:  iCE40UP
Device:  iCE40UP5K
Package: SG48
Performance Grade:  High-Performance_1.2V

Running general design DRC...




Design Summary:
   Number of slice registers:  26 out of  5280 (<1%)
   Number of I/O registers:      0 out of   117 (0%)
   Number of LUT4s:            47 out of  5280 (1%)
      Number of logic LUT4s:              21
      Number of ripple logic:             13 (26 LUT4s)
   Number of IO sites used:   16 out of 39 (41%)
      Number of IO sites used for general PIO: 16
      Number of IO sites used for I3C: 0 out of 2 (0%)
      (note: If I3C is not used, its site can be used as general PIO)
      Number of IO sites used for PIO+I3C: 16 out of 36 (44%)
      Number of IO sites used for OD+RGB IO buffers: 0 out of 3 (0%)
      (note: If RGB LED drivers are not used, sites can be used as OD outputs,
       see TN1288 iCE40 LED Driver Usage Guide)
      Number of IO sites used for PIO+I3C+OD+RGB: 16 out of 39 (41%)
   Number of DSPs:             0 out of 8 (0%)
   Number of I2Cs:             0 out of 2 (0%)
   Number of High Speed OSCs:  1 out of 1 (100%)
   Number of Low Speed OSCs:   0 out of 1 (0%)
   Number of RGB PWM:          0 out of 1 (0%)
   Number of RGB Drivers:      0 out of 1 (0%)
   Number of SCL FILTERs:      0 out of 2 (0%)
   Number of SRAMs:            0 out of 4 (0%)
   Number of WARMBOOTs:        0 out of 1 (0%)
   Number of SPIs:             0 out of 2 (0%)
   Number of EBRs:             0 out of 30 (0%)
   Number of PLLs:             0 out of 1 (0%)
   Number of Clocks:  1
      Net int_osc_c: 14 loads, 14 rising, 0 falling (Driver: Pin hf_osc/CLKHF)
   Number of Clock Enables:  1
      Net VCC_net: 1 loads, 0 SLICEs
   Number of LSRs:  2
      Net blink.n16: 13 loads, 13 SLICEs
      Net blink.n15: 1 loads, 1 SLICEs
   Top 10 highest fanout non-clock nets:
      Net blink.n16: 13 loads
      Net s_c[0]: 8 loads
      Net s_c[1]: 8 loads
      Net s_c[2]: 8 loads
      Net s_c[3]: 8 loads
      Net VCC_net: 3 loads
      Net blink.counter[0]: 2 loads
      Net blink.counter[10]: 2 loads
      Net blink.counter[19]: 2 loads
      Net blink.counter[1]: 2 loads
Running physical design DRC...

 


   Number of warnings:  0
   Number of criticals: 0
   Number of errors:    0

Constraint Summary:
   Total number of constraints: 20
   Total number of constraints dropped: 0


Total CPU Time: 0 secs  
Total REAL Time: 0 secs  
Peak Memory Usage: 66 MB

Checksum -- map: f238c4a033ab18f13ca97becf5cb03db6edb5a6c
**** CMD map_run - CPU/Elapsed: 0 secs / 0 secs , MEM/Increased: 59.707 Mb/ 0.139 Mb, DATE: 21:19:31 09/07/26
Thank you for using Radiant. Total CPU/Elapsed time: 0 secs /0 secs 

pnmainc -log pnmain "lab1_impl_1_par.tcl"

PAR: Place And Route Radiant Software (64-bit) 2026.1.0.37.0.
PARed on: Mon Sep  7 21:19:34 2026

Command Line: par -w -t 1 -cores 1 -hsp m -exp parPathBased=ON \
	lab1_impl_1_map.udb lab1_impl_1_par.dir/5_1.udb 

Loading lab1_impl_1_map.udb ...
Loading device for application GENERIC from file 'itpa08.nph' in environment: C:/lscc/radiant/2026.1/ispfpga.
Package Status:                     Preliminary    Version 1.5.
Successfully read the udb in 0.00 s.

Performance Hardware Data Status:   Advanced       Version 1.0.



Design:  top
Family:  iCE40UP
Device:  iCE40UP5K
Package: SG48
Performance Grade:   High-Performance_1.2V

Constraint Summary
   Total number of constraints: 17
   Total number of constraints dropped: 0

Successfully loaded device info and constraints in 0.00 s.

Beginning Place Design 
Phase 1 Placer Initialization 
Number of Signals: 103
Number of Connections: 212
Phase 1 Placer Initialization Complete: Time (s) - CPU Time : 0.00, Real Time : 0.00  |   Memory (MB) - Peak Memory : 76.19, Gain Memory : 4.54  

Time: cpu = 00:00:00 ; elapsed : 00:00:00 . Memory (MB): peak = 76.19 ; gain = 4.54 

Phase 2 Logic Packing 
Device utilization summary:

   SLICE (est.)      27/2640          1% used
     LUT             47/5280          1% used
     REG             26/5280         <1% used
   PIO               16/56           29% used
                     16/36           44% bonded
   IOLOGIC            0/56            0% used
   DSP                0/8             0% used
   I2C                0/2             0% used
   HFOSC              1/1           100% used
   LFOSC              0/1             0% used
   LEDDA_IP           0/1             0% used
   RGBA_DRV           0/1             0% used
   FILTER             0/2             0% used
   SRAM               0/4             0% used
   WARMBOOT           0/1             0% used
   SPI                0/2             0% used
   EBR                0/30            0% used
   PLL                0/1             0% used
   RGBOUTBUF          0/3             0% used
   I3C                0/2             0% used
   OPENDRAIN          0/3             0% used

Phase 2 Logic Packing Complete: Time (s) - CPU Time : 0.00, Real Time : 0.00  |   Memory (MB) - Peak Memory : 76.52, Gain Memory : 0.28  

Time: cpu = 00:00:00 ; elapsed : 00:00:00 . Memory (MB): peak = 76.52 ; gain = 0.28 

Phase 3 Hierarchical Placement 
Pin Constraint Summary:
   16 out of 16 pins locked (100% locked).
Phase 3.1 Clustering & Global Placement 
Phase 3.1 Clustering & Global Placement Complete: Time (s) - CPU Time : 0.00, Real Time : 0.00  |   Memory (MB) - Peak Memory : 78.00, Gain Memory : 0.00  

Time: cpu = 00:00:00 ; elapsed : 00:00:00 . Memory (MB): peak = 78.00 ; gain = 0.00 

Phase 3 Hierarchical Placement Complete: Time (s) - CPU Time : 0.00, Real Time : 0.01  |   Memory (MB) - Peak Memory : 78.02, Gain Memory : 1.50  

Time: cpu = 00:00:00 ; elapsed : 00:00:00 . Memory (MB): peak = 78.02 ; gain = 1.50 

Phase 4 Apollo Placement 

....................
Finished Placer Phase 0 (AP).  CPU time: 0 secs , REAL time: 0 secs 

Phase 4 Apollo Placement Complete: Time (s) - CPU Time : 0.05, Real Time : 0.05  |   Memory (MB) - Peak Memory : 80.54, Gain Memory : 2.52  

Time: cpu = 00:00:00 ; elapsed : 00:00:00 . Memory (MB): peak = 80.54 ; gain = 2.52 

Phase 5 Constructive Placement 
Phase 5.1 Iterative Refinement 
..  ..
....................

Placer score = 25805.

Device SLICE utilization summary after final SLICE packing:
   SLICE             27/2640          1% used

Phase 5.1 Iterative Refinement Complete: Time (s) - CPU Time : 4.55, Real Time : 4.60  |   Memory (MB) - Peak Memory : 97.48, Gain Memory : 16.95  

Time: cpu = 00:00:05 ; elapsed : 00:00:05 . Memory (MB): peak = 97.48 ; gain = 16.95 

Phase 5 Constructive Placement Complete: Time (s) - CPU Time : 4.55, Real Time : 4.60  |   Memory (MB) - Peak Memory : 97.48, Gain Memory : 16.95  

Time: cpu = 00:00:05 ; elapsed : 00:00:05 . Memory (MB): peak = 97.48 ; gain = 16.95 

Phase 6 Placement Optimization 
Phase 6.1 Local Optimization 
.

Placer score =  29002
Phase 6.1 Local Optimization Complete: Time (s) - CPU Time : 0.02, Real Time : 0.01  |   Memory (MB) - Peak Memory : 97.48, Gain Memory : 3.54  

Time: cpu = 00:00:05 ; elapsed : 00:00:05 . Memory (MB): peak = 97.48 ; gain = 3.54 

Phase 6 Placement Optimization Complete: Time (s) - CPU Time : 0.02, Real Time : 0.01  |   Memory (MB) - Peak Memory : 97.48, Gain Memory : 3.54  

Time: cpu = 00:00:05 ; elapsed : 00:00:05 . Memory (MB): peak = 97.48 ; gain = 3.54 

Phase 7 IC1PL_TKPP 

------------------ Clock Report ------------------

Global Clocks :
  PRIMARY "int_osc_c" from comp "hf_osc" on site "HFOSC_R1C32", clk load = 14, ce load = 0, sr load = 0

  PRIMARY  : 1 out of 8 (12%)

--------------- End of Clock Report ---------------


I/O Usage Summary (final):
   16 out of 56 (28.6%) I/O sites used.
   16 out of 36 (44.4%) bonded I/O sites used.
   Number of I/O components: 16; differential: 0
   Number of Vref pins used: 0

I/O Bank Usage Summary:
+----------+---------------+------------+------------+------------+
| I/O Bank | Usage         | Bank Vccio | Bank Vref1 | Bank Vref2 |
+----------+---------------+------------+------------+------------+
| 0        | 8 / 14 ( 57%) | 3.3V       |            |            |
| 1        | 4 / 14 ( 28%) | 3.3V       |            |            |
| 2        | 4 / 8 ( 50%)  | 3.3V       |            |            |
+----------+---------------+------------+------------+------------+

Phase 7 IC1PL_TKPP Complete: Time (s) - CPU Time : 0.00, Real Time : 0.00  |   Memory (MB) - Peak Memory : 97.48, Gain Memory : 3.52  

Time: cpu = 00:00:05 ; elapsed : 00:00:05 . Memory (MB): peak = 97.48 ; gain = 3.52 

Total Placer CPU time: 5 secs, REAL time = 5 secs


Checksum -- place: 367a27dc38d3a779a67d7ede4a7ac65cd38c94
Ending Place Design : Time (s) - CPU Time : 4.62, Real Time : 4.69  |   Memory (MB) - Peak Memory : 97.48, Gain Memory : 25.84  

Time: cpu = 00:00:05 ; elapsed : 00:00:05 . Memory (MB): peak = 97.48 ; gain = 25.84 


 Phase Summary Table: 	
+--------------------------------------------------------+-------------+--------------+-----------------+----------------+
| Phase Name                                             | CPU Time(s) | Wall Time(s) | Peak Memory(MB) | Memory Gain(MB)|
+--------------------------------------------------------+-------------+--------------+-----------------+----------------+
| Phase 1 Placer Initialization                          | 0.00        |         0.00 |           76.19 |           4.54 |
| Phase 2 Logic Packing                                  | 0.00        |         0.00 |           76.52 |           0.28 |
| Phase 3 Hierarchical Placement                         | 0.00        |         0.01 |           78.02 |           1.50 |
| Phase 3.1 Clustering & Global Placement                | 0.00        |         0.00 |           78.00 |           0.00 |
| Phase 4 Apollo Placement                               | 0.05        |         0.05 |           80.54 |           2.52 |
| Phase 5 Constructive Placement                         | 4.55        |         4.60 |           97.48 |          16.95 |
| Phase 5.1 Iterative Refinement                         | 4.55        |         4.60 |           97.48 |          16.95 |
| Phase 6 Placement Optimization                         | 0.02        |         0.01 |           97.48 |           3.54 |
| Phase 6.1 Local Optimization                           | 0.02        |         0.01 |           97.48 |           3.54 |
| Phase 7 IC1PL_TKPP                                     | 0.00        |         0.00 |           97.48 |           3.52 |
+--------------------------------------------------------+-------------+--------------+-----------------+----------------+
Writing design to file lab1_impl_1_par.dir/5_1.udb ...

Starting Route Task
Beginning Route Design 
Phase 1 Build Route Design 

Start NBR router at 21:19:39 09/07/26

*****************************************************************
Info: NBR allows conflicts(one node used by more than one signal)
      in the earlier iterations. In each iteration, it tries to  
      solve the conflicts while keeping the critical connections 
      routed as short as possible. The routing process is said to
      be completed when no conflicts exist and all connections   
      are routed.                                                
Note: NBR uses a different method to calculate timing slacks. The
      worst slack and total negative slack may not be the same as
      that in timing report. You should always run the timing    
      tool to verify your design.                                
*****************************************************************

Phase 1 Build Route Design Complete: Time (s) - CPU Time : 0.03, Real Time : 0.04  |   Memory (MB) - Peak Memory : 97.48, Gain Memory : 19.77  

Time: cpu = 00:00:00 ; elapsed : 00:00:00 . Memory (MB): peak = 97.48 ; gain = 19.77 

Phase 2 Design Checks and Routing Setup 
Phase 2 Design Checks and Routing Setup Complete: Time (s) - CPU Time : 0.00, Real Time : 0.00  |   Memory (MB) - Peak Memory : 97.48, Gain Memory : 1.04  

Time: cpu = 00:00:00 ; elapsed : 00:00:00 . Memory (MB): peak = 97.48 ; gain = 1.04 

Phase 3 Dedicated Net and Clock Routing 
Phase 3.1 Routing User Constraints 
Phase 3.1 Routing User Constraints Complete: Time (s) - CPU Time : 0.28, Real Time : 0.29  |   Memory (MB) - Peak Memory : 111.66, Gain Memory : 15.21  

Time: cpu = 00:00:00 ; elapsed : 00:00:00 . Memory (MB): peak = 111.66 ; gain = 15.21 

Phase 3.2 Dedicated Routing 
Phase 3.2 Dedicated Routing Complete: Time (s) - CPU Time : 0.02, Real Time : 0.00  |   Memory (MB) - Peak Memory : 111.66, Gain Memory : 15.80  

Time: cpu = 00:00:00 ; elapsed : 00:00:00 . Memory (MB): peak = 111.66 ; gain = 15.80 

Phase 3.3 Clock Net Routing 
Phase 3.3 Clock Net Routing Complete: Time (s) - CPU Time : 0.00, Real Time : 0.00  |   Memory (MB) - Peak Memory : 111.66, Gain Memory : 19.74  

Time: cpu = 00:00:00 ; elapsed : 00:00:00 . Memory (MB): peak = 111.66 ; gain = 19.74 

Phase 3.4 Dedicated Net and Clock Routing Finalization 
Preassignment Summary:
--------------------------------------------------------------------------------
1 global clock signals routed
65 connections routed (of 212 total) (30.66%)
---------------------------------------------------------
Clock routing summary:
Primary clocks (1 used out of 8 available):
#4  Signal "int_osc_c"
       Clock   loads: 14    out of    14 routed (100.00%)
       Data    loads: 0     out of     1 routed (  0.00%)
---------------------------------------------------------
--------------------------------------------------------------------------------
Phase 3.4 Dedicated Net and Clock Routing Finalization Complete: Time (s) - CPU Time : 0.00, Real Time : 0.00  |   Memory (MB) - Peak Memory : 111.66, Gain Memory : 19.69  

Time: cpu = 00:00:00 ; elapsed : 00:00:00 . Memory (MB): peak = 111.66 ; gain = 19.69 

Total conns with timing constraints =        0
Phase 3 Dedicated Net and Clock Routing Complete: Time (s) - CPU Time : 0.33, Real Time : 0.34  |   Memory (MB) - Peak Memory : 111.66, Gain Memory : 15.21  

Time: cpu = 00:00:00 ; elapsed : 00:00:00 . Memory (MB): peak = 111.66 ; gain = 15.21 

Phase 4 Pre-Detailed Routing 
Phase 4 Pre-Detailed Routing Complete: Time (s) - CPU Time : 0.00, Real Time : 0.00  |   Memory (MB) - Peak Memory : 111.66, Gain Memory : 19.56  

Time: cpu = 00:00:00 ; elapsed : 00:00:00 . Memory (MB): peak = 111.66 ; gain = 19.56 

Phase 5 Detailed Routing 
    TimerIf::skewscore 0
Phase 5.1 Initial Detailed Routing 
+++++++++++++++++++++++++++++++++++++++++++++++++++++++++++++++++++
Routing in Serial Mode ......
+++++++++++++++++++++++++++++++++++++++++++++++++++++++++++++++++++

Start NBR section for initial routing at 21:19:39 09/07/26
Level 4, iteration 1
4(0.00%) conflicts; 0(0.00%) untouched conn; 0 (nbr) score; 
Estimated worst slack/total negative slack<setup>: 6.056ns/0.000ns; real time: 0 secs 

Info: Initial congestion level at 75.00% usage is 0
Info: Initial congestion area  at 75.00% usage is 0 (0.00%)
Phase 5.1 Initial Detailed Routing Complete: Time (s) - CPU Time : 0.38, Real Time : 0.38  |   Memory (MB) - Peak Memory : 118.62, Gain Memory : 26.52  

Time: cpu = 00:00:01 ; elapsed : 00:00:01 . Memory (MB): peak = 118.62 ; gain = 26.52 

Phase 5.2 Rip-Up and Route 

Start NBR section for normal routing at 21:19:40 09/07/26
Level 4, iteration 1
0(0.00%) conflict; 0(0.00%) untouched conn; 0 (nbr) score; 
Estimated worst slack/total negative slack<setup>: 6.056ns/0.000ns; real time: 0 secs 
Phase 5.2 Rip-Up and Route Complete: Time (s) - CPU Time : 0.00, Real Time : 0.00  |   Memory (MB) - Peak Memory : 118.63, Gain Memory : 0.01  

Time: cpu = 00:00:01 ; elapsed : 00:00:01 . Memory (MB): peak = 118.63 ; gain = 0.01 

Phase 5.3 Rip-Up and Reroute for setup timing improvement 
Phase 5.3 Rip-Up and Reroute for setup timing improvement Complete: Time (s) - CPU Time : 0.00, Real Time : 0.00  |   Memory (MB) - Peak Memory : 118.63, Gain Memory : 0.00  

Time: cpu = 00:00:01 ; elapsed : 00:00:01 . Memory (MB): peak = 118.63 ; gain = 0.00 

Phase 5.4 Rip-Up and Reroute for hold timing fix 

Start NBR section for setup/hold timing optimization with effort level 3 at 21:19:40 09/07/26
Changing speed to m;   changing temperature to -40
Changing speed to 6;   changing temperature to 100
Phase 5.4 Rip-Up and Reroute for hold timing fix Complete: Time (s) - CPU Time : 0.14, Real Time : 0.14  |   Memory (MB) - Peak Memory : 126.05, Gain Memory : 7.42  

Time: cpu = 00:00:01 ; elapsed : 00:00:01 . Memory (MB): peak = 126.05 ; gain = 7.42 

Phase 5.5 TNS CleanUp 

Start NBR section for post-routing at 21:19:40 09/07/26
Phase 5.5 TNS CleanUp Complete: Time (s) - CPU Time : 0.00, Real Time : 0.00  |   Memory (MB) - Peak Memory : 126.05, Gain Memory : 1.70  

Time: cpu = 00:00:01 ; elapsed : 00:00:01 . Memory (MB): peak = 126.05 ; gain = 1.70 

Phase 5.6 Detail Routing Finalization 

End NBR router with 0 unrouted connection(s)
Changing speed to m;   changing temperature to -40
Changing speed to 6;   changing temperature to 100

Checksum -- route: 56fb6833bd7706e08c9e1e7e663f9bae23ca6cba
Phase 5.6 Detail Routing Finalization Complete: Time (s) - CPU Time : 0.20, Real Time : 0.21  |   Memory (MB) - Peak Memory : 126.05, Gain Memory : 1.69  

Time: cpu = 00:00:01 ; elapsed : 00:00:01 . Memory (MB): peak = 126.05 ; gain = 1.69 


Phase 5 Detailed Routing Complete: Time (s) - CPU Time : 0.72, Real Time : 0.73  |   Memory (MB) - Peak Memory : 126.05, Gain Memory : 33.96  

Time: cpu = 00:00:01 ; elapsed : 00:00:01 . Memory (MB): peak = 126.05 ; gain = 33.96 

Phase 6 Router Finalization 
Total Router CPU time 1 secs , REAL time: 0 secs 
Completely routed.
End of route.  212 routed (100.00%); 0 unrouted.
Phase 6 Router Finalization Complete: Time (s) - CPU Time : 0.00, Real Time : 0.00  |   Memory (MB) - Peak Memory : 126.05, Gain Memory : 1.68  

Time: cpu = 00:00:01 ; elapsed : 00:00:01 . Memory (MB): peak = 126.05 ; gain = 1.68 

Ending Route Design : Time (s) - CPU Time : 1.11, Real Time : 1.15  |   Memory (MB) - Peak Memory : 126.05, Gain Memory : 48.37  

Time: cpu = 00:00:01 ; elapsed : 00:00:01 . Memory (MB): peak = 126.05 ; gain = 48.37 


 Phase Summary Table: 	
+--------------------------------------------------------+-------------+--------------+-----------------+----------------+
| Phase Name                                             | CPU Time(s) | Wall Time(s) | Peak Memory(MB) | Memory Gain(MB)|
+--------------------------------------------------------+-------------+--------------+-----------------+----------------+
| Phase 1 Build Route Design                             | 0.03        |         0.04 |           97.48 |          19.77 |
| Phase 2 Design Checks and Routing Setup                | 0.00        |         0.00 |           97.48 |           1.04 |
| Phase 3 Dedicated Net and Clock Routing                | 0.33        |         0.34 |          111.66 |          15.21 |
| Phase 3.1 Routing User Constraints                     | 0.28        |         0.29 |          111.66 |          15.21 |
| Phase 3.2 Dedicated Routing                            | 0.02        |         0.00 |          111.66 |          15.80 |
| Phase 3.3 Clock Net Routing                            | 0.00        |         0.00 |          111.66 |          19.74 |
| Phase 3.4 Dedicated Net and Clock Routing Finalization | 0.00        |         0.00 |          111.66 |          19.69 |
| Phase 4 Pre-Detailed Routing                           | 0.00        |         0.00 |          111.66 |          19.56 |
| Phase 5 Detailed Routing                               | 0.72        |         0.73 |          126.05 |          33.96 |
| Phase 5.1 Initial Detailed Routing                     | 0.38        |         0.38 |          118.62 |          26.52 |
| Phase 5.2 Rip-Up and Route                             | 0.00        |         0.00 |          118.63 |           0.01 |
| Phase 5.3 Rip-Up and Reroute for setup timing improve* | 0.00        |         0.00 |          118.63 |           0.00 |
| Phase 5.4 Rip-Up and Reroute for hold timing fix       | 0.14        |         0.14 |          126.05 |           7.42 |
| Phase 5.5 TNS CleanUp                                  | 0.00        |         0.00 |          126.05 |           1.70 |
| Phase 5.6 Detail Routing Finalization                  | 0.20        |         0.21 |          126.05 |           1.69 |
| Phase 6 Router Finalization                            | 0.00        |         0.00 |          126.05 |           1.68 |
+--------------------------------------------------------+-------------+--------------+-----------------+----------------+

Writing design to file lab1_impl_1_par.dir/5_1.udb ...


PAR_SUMMARY::Run status = Completed
PAR_SUMMARY::Number of unrouted conns = 0
PAR_SUMMARY::Estimated worst slack<setup/<ns>> = 6.299
PAR_SUMMARY::Timing score<setup/<ns>> = 0.000
PAR_SUMMARY::Estimated worst slack<hold/<ns>> = 1.913
PAR_SUMMARY::Timing score<hold/<ns>> = 0.000
PAR_SUMMARY::Number of errors = 0

Note: user must run 'timing' for timing closure signoff.

Total CPU  Time: 6 secs 
Total REAL Time: 6 secs 
Peak Memory Usage: 126.05 MB


par done!

Copyright (c) 1991-1994 by NeoCAD Inc. All rights reserved.
Copyright (c) 1995 AT&T Corp.   All rights reserved.
Copyright (c) 1995-2001 Lucent Technologies Inc.  All rights reserved.
Copyright (c) 2001 Agere Systems   All rights reserved.
Copyright (c) 2002-2026 Lattice Semiconductor Corporation,  All rights reserved.
**** CMD par_run - CPU/Elapsed: 0 secs / 6 secs , MEM/Increased: 59.949 Mb/ 0.184 Mb, DATE: 21:19:40 09/07/26
Thank you for using Radiant. Total CPU/Elapsed time: 0 secs /6 secs 

timing -sethld -v 10 -u 10 -endpoints 10 -nperend 1 -sp High-Performance_1.2V -hsp m   -pwrprd -html -rpt "lab1_impl_1.twr" "lab1_impl_1.udb" 
timing -sethld -v 10 -u 10 -endpoints 10 -nperend 1 -sp High-Performance_1.2V -hsp m -pwrprd -html -rpt lab1_impl_1.twr lab1_impl_1.udb -gui -msgset C:/Users/anirgupta/Desktop/e155-lab1/e155-lab1/lab1/promote.xml
Starting design reading...
Loading device for application GENERIC from file 'itpa08.nph' in environment: C:/lscc/radiant/2026.1/ispfpga.
Package Status:                     Preliminary    Version 1.5.
Performance Hardware Data Status:   Advanced       Version 1.0.
Loading udb::Database ...
Design:  top
Family:  iCE40UP
Device:  iCE40UP5K
Package: SG48
Performance Grade:   High-Performance_1.2V



Successfully loading udb, 0.03 seconds

Initializing timer
Starting design annotation....

Starting full timing analysis...
Performance Hardware Data Status:   Advanced       Version 1.0.
Connections ignored  16  counted  202  covered  147
Changing speed to m;   changing temperature to -40

STA Runtime and Peak Memory Usage :
Total CPU Time: 0 secs 
Total REAL Time: 0 secs 
Peak Memory Usage: 99 MB

 0.614116s wall, 0.468750s user + 0.140625s system = 0.609375s CPU (99.2%)


tmcheck -par "lab1_impl_1.par"  

pnmainc -log pnmain "lab1_impl_1_bit.tcl"
Loading lab1_impl_1.udb ...
Loading device for application GENERIC from file 'itpa08.nph' in environment: C:/lscc/radiant/2026.1/ispfpga.
Package Status:                     Preliminary    Version 1.5.
Successfully read the udb in 0.00 s.

Performance Hardware Data Status:   Advanced       Version 1.0.



Design:  top
Family:  iCE40UP
Device:  iCE40UP5K
Package: SG48
Performance Grade:   High-Performance_1.2V

Constraint Summary
   Total number of constraints: 17
   Total number of constraints dropped: 0

Successfully loaded device info and constraints in 1.00 s.

Successfully loading design udb and device data from disks and to up-layer in CPU time: 0 secs , REAL time: 0 secs 



BITGEN: Bitstream Generator Radiant Software (64-bit) 2026.1.0.37.0
Copyright (c) 1991-1994 by NeoCAD Inc. All rights reserved.
Copyright (c) 1995 AT&T Corp.   All rights reserved.
Copyright (c) 1995-2001 Lucent Technologies Inc.  All rights reserved.
Copyright (c) 2001 Agere Systems   All rights reserved.
Copyright (c) 2002-2026 Lattice Semiconductor Corporation,  All rights reserved.


Running DRC.
DRC detected 0 errors and 0 warnings.

Preference Summary:
+---------------------------------+---------------------------------+
|  Preference                     |  Current Setting                |
+---------------------------------+---------------------------------+
 *  Default setting.
 ** The specified setting matches the default setting.


Creating bit map...
Saving bit stream in "C:/Users/anirgupta/Desktop/e155-lab1/e155-lab1/lab1/impl_1/lab1_impl_1.bin".
Bitstream generation complete!

Total CPU Time: 0 secs 
Total REAL Time: 4 secs 
Peak Memory Usage: 117 MB

**** CMD bit_generate - CPU/Elapsed: 0 secs / 5 secs , MEM/Increased: 59.961 Mb/ 0.164 Mb, DATE: 21:19:48 09/07/26
Thank you for using Radiant. Total CPU/Elapsed time: 0 secs /5 secs 
